// Jest Snapshot v1, https://goo.gl/fbAQLP

exports[`Shimmer component Render snapshot Render correctly 1`] = `"<div><div class=\\"sc-bdVaJa dZwdru\\"></div></div>"`;

exports[`Shimmer component Render snapshot with propertys Render correctly 1`] = `"<div><div class=\\"sc-bdVaJa dZwdru\\" data-width=\\"500px\\" data-heigth=\\"40px\\"></div></div>"`;
